
========================================
[00:02:53] BUILD START v478
[00:02:53] gradlew.bat KdramaV5:make --console=plain
Reusing configuration cache.
> Task :KdramaV5:preBuild UP-TO-DATE
> Task :KdramaV5:preDebugBuild UP-TO-DATE
> Task :KdramaV5:generateDebugResources UP-TO-DATE
> Task :KdramaV5:packageDebugResources UP-TO-DATE
> Task :KdramaV5:processDebugNavigationResources UP-TO-DATE
> Task :KdramaV5:parseDebugLocalResources UP-TO-DATE
> Task :KdramaV5:generateDebugRFile UP-TO-DATE
> Task :KdramaV5:generateDebugBuildConfig UP-TO-DATE
> Task :KdramaV5:compileDebugKotlin UP-TO-DATE
> Task :KdramaV5:compileDex UP-TO-DATE
> Task :KdramaV5:generateManifest UP-TO-DATE
> Task :KdramaV5:make UP-TO-DATE

BUILD SUCCESSFUL in 2s
10 actionable tasks: 10 up-to-date
Configuration cache entry reused.
[00:02:56] BUILD SUCCESS | Exit: 0 | Duration: 0m 2s | v478
[00:02:56] Output: KdramaV5.cs3 (649.4 KB) SHA: D6F898BC97B9F02FBC66DC1CCCDF0E91D76282A0CF5FFE0FD0B4E55723B5E6BD

========================================
[00:04:37] BUILD START v478
[00:04:37] gradlew.bat KdramaV5:make --console=plain
Reusing configuration cache.
> Task :KdramaV5:preBuild UP-TO-DATE
> Task :KdramaV5:preDebugBuild UP-TO-DATE
> Task :KdramaV5:generateDebugBuildConfig UP-TO-DATE
> Task :KdramaV5:generateDebugResources UP-TO-DATE
> Task :KdramaV5:packageDebugResources UP-TO-DATE
> Task :KdramaV5:processDebugNavigationResources UP-TO-DATE
> Task :KdramaV5:parseDebugLocalResources UP-TO-DATE
> Task :KdramaV5:generateDebugRFile UP-TO-DATE
> Task :KdramaV5:compileDebugKotlin UP-TO-DATE
> Task :KdramaV5:compileDex UP-TO-DATE
> Task :KdramaV5:generateManifest UP-TO-DATE
> Task :KdramaV5:make UP-TO-DATE

BUILD SUCCESSFUL in 2s
10 actionable tasks: 10 up-to-date
Configuration cache entry reused.
[00:04:40] BUILD SUCCESS | Exit: 0 | Duration: 0m 2s | v478
[00:04:40] Output: KdramaV5.cs3 (649.4 KB) SHA: D6F898BC97B9F02FBC66DC1CCCDF0E91D76282A0CF5FFE0FD0B4E55723B5E6BD

========================================
[18:40:09] BUILD START v479
[18:40:09] gradlew.bat KdramaV5:make --console=plain
Starting a Gradle Daemon, 2 incompatible and 1 stopped Daemons could not be reused, use --status for details
Calculating task graph as configuration cache cannot be reused because file 'KdramaV5\build.gradle.kts' has changed.
> Task :KdramaV5:preBuild UP-TO-DATE
> Task :KdramaV5:preDebugBuild UP-TO-DATE
> Task :KdramaV5:processDebugNavigationResources UP-TO-DATE
> Task :KdramaV5:generateDebugResources UP-TO-DATE
> Task :KdramaV5:generateDebugBuildConfig UP-TO-DATE
> Task :KdramaV5:packageDebugResources UP-TO-DATE
> Task :KdramaV5:parseDebugLocalResources UP-TO-DATE
> Task :KdramaV5:generateDebugRFile UP-TO-DATE
> Task :KdramaV5:compileDebugKotlin

> Task :KdramaV5:compileDex
Compiled dex to C:\Users\Elvizk_XML\Documents\Proyecto\Cloudstream\Kdrama\KdramaV5\build\intermediates\classes.dex

> Task :KdramaV5:generateManifest

> Task :KdramaV5:make
Made CloudStream package at C:\Users\Elvizk_XML\Documents\Proyecto\Cloudstream\Kdrama\KdramaV5\build\KdramaV5.cs3

BUILD SUCCESSFUL in 1m 56s
10 actionable tasks: 4 executed, 6 up-to-date
Configuration cache entry stored.

========================================
[19:27:06] BUILD START v480
[19:27:06] gradlew.bat KdramaV5:make --console=plain
Calculating task graph as configuration cache cannot be reused because file 'KdramaV5\build.gradle.kts' has changed.
> Task :KdramaV5:preBuild UP-TO-DATE
> Task :KdramaV5:preDebugBuild UP-TO-DATE
> Task :KdramaV5:generateDebugBuildConfig UP-TO-DATE
> Task :KdramaV5:processDebugNavigationResources UP-TO-DATE
> Task :KdramaV5:generateDebugResources UP-TO-DATE
> Task :KdramaV5:packageDebugResources UP-TO-DATE
> Task :KdramaV5:parseDebugLocalResources UP-TO-DATE
> Task :KdramaV5:generateDebugRFile UP-TO-DATE
> Task :KdramaV5:compileDebugKotlin

> Task :KdramaV5:compileDex
Compiled dex to C:\Users\Elvizk_XML\Documents\Proyecto\Cloudstream\Kdrama\KdramaV5\build\intermediates\classes.dex

> Task :KdramaV5:generateManifest

> Task :KdramaV5:make
Made CloudStream package at C:\Users\Elvizk_XML\Documents\Proyecto\Cloudstream\Kdrama\KdramaV5\build\KdramaV5.cs3

BUILD SUCCESSFUL in 28s
10 actionable tasks: 4 executed, 6 up-to-date
Configuration cache entry stored.
[19:27:35] BUILD SUCCESS | Exit: 0 | Duration: 0m 28s | v480
[19:27:36] Output: KdramaV5.cs3 (649.1 KB) SHA: 13AB18E64A27A35D822906D10EF5D66BC8EF7A94C6BE2F3ED041DA5BDDE49649
[19:27:36] Backup: backups\KdramaV5_v480.cs3
[19:27:36] Deploying to builds branch (current: master)
[19:27:37] Updated plugins.json: v480, 664647 bytes, sha256-13ab18e64a27a35d...
[19:27:41] Pushed to builds branch: Build 3e6224ca

========================================
[19:29:55] BUILD START v480
[19:29:55] gradlew.bat KdramaV5:make --console=plain
Reusing configuration cache.
> Task :KdramaV5:preBuild UP-TO-DATE
> Task :KdramaV5:preDebugBuild UP-TO-DATE
> Task :KdramaV5:processDebugNavigationResources UP-TO-DATE
> Task :KdramaV5:generateDebugResources UP-TO-DATE
> Task :KdramaV5:packageDebugResources UP-TO-DATE
> Task :KdramaV5:parseDebugLocalResources UP-TO-DATE
> Task :KdramaV5:generateDebugRFile UP-TO-DATE
> Task :KdramaV5:generateDebugBuildConfig UP-TO-DATE
> Task :KdramaV5:compileDebugKotlin UP-TO-DATE
> Task :KdramaV5:compileDex UP-TO-DATE
> Task :KdramaV5:generateManifest UP-TO-DATE
> Task :KdramaV5:make UP-TO-DATE

BUILD SUCCESSFUL in 4s
10 actionable tasks: 10 up-to-date
Configuration cache entry reused.
[19:30:00] BUILD SUCCESS | Exit: 0 | Duration: 0m 5s | v480
[19:30:01] Output: KdramaV5.cs3 (649.1 KB) SHA: 13AB18E64A27A35D822906D10EF5D66BC8EF7A94C6BE2F3ED041DA5BDDE49649
[19:30:01] Backup: backups\KdramaV5_v480.cs3
[19:30:01] Deploying to builds branch (current: master)
[19:30:01] Updated plugins.json: v480, 664647 bytes, sha256-13ab18e64a27a35d...
[19:30:06] Pushed to builds branch: Build 3e6224ca
